// Jest Snapshot v1, https://goo.gl/fbAQLP

exports[`renders correctly 1`] = `
<div
  className="footer"
>
  Built by 
  <a
    className="footer__link"
    href="http://www.danflorio.com"
    rel="noopener noreferrer"
    target="_blank"
  >
    Dan Florio
  </a>
  , using the 
  <a
    className="footer__link"
    href="https://openweathermap.org/"
    rel="noopener noreferrer"
    target="_blank"
  >
    Open Weather Map API
  </a>
  .
</div>
`;
