// Jest Snapshot v1, https://goo.gl/fbAQLP

exports[`renders correctly with imperial 1`] = `
<div
  className="unit-picker"
>
  <div
    className="unit-picker__choice unit-picker__choice--active"
    onClick={[Function]}
  >
    째F
  </div>
  <div
    className="unit-picker__choice"
    onClick={[Function]}
  >
    째C
  </div>
</div>
`;

exports[`renders correctly with metric 1`] = `
<div
  className="unit-picker"
>
  <div
    className="unit-picker__choice"
    onClick={[Function]}
  >
    째F
  </div>
  <div
    className="unit-picker__choice unit-picker__choice--active"
    onClick={[Function]}
  >
    째C
  </div>
</div>
`;
